<html>
<body>
<pre>
<h1>礦ision Build Log</h1>
<h2>Tool Versions:</h2>
IDE-Version: μVision V5.14.0.0
Copyright (C) 2015 ARM Ltd and ARM Germany GmbH. All rights reserved.
License Information: eqweqwe qeqeqwe, qeqeqe, LIC=CRMWF-6H4HQ-068QU-S7058-Z1PVD-3LPK8
 
Tool Versions:
Toolchain:       MDK-ARM Professional  Version: 5.14.0.0
Toolchain Path:  D:\Keil_v5\ARM\ARMCC\Bin
C Compiler:      Armcc.exe V5.05 update 1 (build 106)
Assembler:       Armasm.exe V5.05 update 1 (build 106)
Linker/Locator:  ArmLink.exe V5.05 update 1 (build 106)
Library Manager: ArmAr.exe V5.05 update 1 (build 106)
Hex Converter:   FromElf.exe V5.05 update 1 (build 106)
CPU DLL:         SARMCM3.DLL V5.14.0.0
Dialog DLL:      DCM.DLL V1.13.1.0
Target DLL:      CMSIS_AGDI.dll V1.21.0.0
Dialog DLL:      TCM.DLL V1.14.4.0
 
<h2>Project:</h2>
D:\ARM\demo\Decepticon\Project\RVMDK（uv5）\BH-F407.uvprojx
Project File Date:  06/26/2023

<h2>Output:</h2>
Build target 'DHT11温湿度传感器'
compiling main.c...
compiling sht35.c...
..\..\User\SHT35\sht35.c(62): warning:  #167-D: argument of type "u8 *" is incompatible with parameter of type "char *restrict"
                sprintf(humiture_buff1,"{\"Temp\":%.2f,\"Hum\":%.2f}",Temperature,Humidity);//111.01*C 100.01%锛堜繚鐣?浣嶅皬鏁帮級
..\..\User\SHT35\sht35.c: 1 warning, 0 errors
linking...
Program Size: Code=1964 RO-data=424 RW-data=40 ZI-data=1024  
"..\..\Output\SHT35温湿度传感器.axf" - 0 Error(s), 1 Warning(s).

<h2>Collection of Component include folders:</h2>
  D:\ARM\demo\Decepticon\Project\RVMDK（uv5）\RTE
  D:\Keil_v5\ARM\PACK\Keil\STM32F4xx_DFP\2.7.0

<h2>Collection of Component Files used:</h2>
</pre>
</body>
</html>
